Archive member included to satisfy reference by file (symbol)

/home/akyriazis/tools/riscv/lib/gcc/riscv64-unknown-elf/15.1.0/../../../../riscv64-unknown-elf/lib/rv32i_zicsr_zifencei/ilp32/libc_nano.a(libc_a-memset.o)
                              obj/main.o (memset)

Discarded input sections

 .data          0x00000000        0x0 obj/start.o
 .bss           0x00000000        0x0 obj/start.o
 .data          0x00000000        0x0 obj/hal.o
 .bss           0x00000000        0x0 obj/hal.o
 .text          0x00000000      0x298 obj/syscalls.o
 .data          0x00000000        0x0 obj/syscalls.o
 .bss           0x00000000        0x0 obj/syscalls.o
 .sdata         0x00000000        0x4 obj/syscalls.o
 .comment       0x00000000       0x10 obj/syscalls.o
 .note.GNU-stack
                0x00000000        0x0 obj/syscalls.o
 .riscv.attributes
                0x00000000       0x31 obj/syscalls.o
 .data          0x00000000        0x0 obj/main.o
 .bss           0x00000000        0x0 obj/main.o
 .srodata       0x00000000        0xc obj/main.o
 .data          0x00000000        0x0 /home/akyriazis/tools/riscv/lib/gcc/riscv64-unknown-elf/15.1.0/../../../../riscv64-unknown-elf/lib/rv32i_zicsr_zifencei/ilp32/libc_nano.a(libc_a-memset.o)
 .bss           0x00000000        0x0 /home/akyriazis/tools/riscv/lib/gcc/riscv64-unknown-elf/15.1.0/../../../../riscv64-unknown-elf/lib/rv32i_zicsr_zifencei/ilp32/libc_nano.a(libc_a-memset.o)

Memory Configuration

Name             Origin             Length             Attributes
ROM              0x80000000         0x00002000         xr
RAM              0x90000000         0x00004000         rw
*default*        0x00000000         0xffffffff

Linker script and memory map

LOAD obj/start.o
LOAD obj/hal.o
LOAD obj/syscalls.o
LOAD obj/main.o
LOAD /home/akyriazis/tools/riscv/lib/gcc/riscv64-unknown-elf/15.1.0/rv32i_zicsr_zifencei/ilp32/libgcc.a
LOAD /home/akyriazis/tools/riscv/lib/gcc/riscv64-unknown-elf/15.1.0/../../../../riscv64-unknown-elf/lib/rv32i_zicsr_zifencei/ilp32/libc_nano.a
LOAD /home/akyriazis/tools/riscv/lib/gcc/riscv64-unknown-elf/15.1.0/rv32i_zicsr_zifencei/ilp32/libgcc.a
START GROUP
LOAD /home/akyriazis/tools/riscv/lib/gcc/riscv64-unknown-elf/15.1.0/rv32i_zicsr_zifencei/ilp32/libgcc.a
LOAD /home/akyriazis/tools/riscv/lib/gcc/riscv64-unknown-elf/15.1.0/../../../../riscv64-unknown-elf/lib/rv32i_zicsr_zifencei/ilp32/libc_nano.a
LOAD /home/akyriazis/tools/riscv/lib/gcc/riscv64-unknown-elf/15.1.0/../../../../riscv64-unknown-elf/lib/rv32i_zicsr_zifencei/ilp32/libnosys.a
END GROUP
START GROUP
LOAD /home/akyriazis/tools/riscv/lib/gcc/riscv64-unknown-elf/15.1.0/rv32i_zicsr_zifencei/ilp32/libgcc.a
LOAD /home/akyriazis/tools/riscv/lib/gcc/riscv64-unknown-elf/15.1.0/../../../../riscv64-unknown-elf/lib/rv32i_zicsr_zifencei/ilp32/libc_nano.a
LOAD /home/akyriazis/tools/riscv/lib/gcc/riscv64-unknown-elf/15.1.0/../../../../riscv64-unknown-elf/lib/rv32i_zicsr_zifencei/ilp32/libnosys.a
END GROUP
                0x80000000                        ROM_START_ADDRESS = 0x80000000
                0x00002000                        ROM_SIZE = 0x2000
                0x90000000                        RAM_START_ADDRESS = 0x90000000
                0x00004000                        RAM_SIZE = 0x4000
                0x00002000                        STACK_SIZE = 0x2000
                0x00000400                        HEAP_SIZE = 0x400

.text           0x80000000      0x610
 *(.text*)
 .text          0x80000000      0x190 obj/start.o
                0x80000000                _start
 .text          0x80000190      0x2dc obj/hal.o
                0x80000190                hal_write_32bit
                0x800001c8                hal_write_16bit
                0x80000204                hal_write_8bit
                0x80000240                hal_read_32bit
                0x80000278                hal_read_16bit
                0x800002b0                hal_read_8bit
                0x800002e8                BASE_IRQ_HANDLER
                0x800003b8                EXT_IRQ_1_HANDLER
                0x800003dc                EXT_IRQ_2_HANDLER
                0x80000400                EXT_IRQ_3_HANDLER
                0x80000424                EXT_IRQ_4_HANDLER
 .text          0x8000046c      0x184 obj/main.o
                0x80000494                main1
                0x80000540                main
                0x80000594                EXT_IRQ_0_HANDLER
                0x800005cc                EXT_IRQ_5_HANDLER
 .text          0x800005f0       0x1c /home/akyriazis/tools/riscv/lib/gcc/riscv64-unknown-elf/15.1.0/../../../../riscv64-unknown-elf/lib/rv32i_zicsr_zifencei/ilp32/libc_nano.a(libc_a-memset.o)
                0x800005f0                memset
                0x80000610                        . = ALIGN (0x10)
 *fill*         0x8000060c        0x4 

.data           0x90000000       0x10 load address 0x80000610
                0x90000000                        _sdata$ = .
                0x80000610                        PROVIDE (_sdata_load$ = LOADADDR (.data))
                0x90000800                        PROVIDE (__global_pointer$ = (. + 0x800))
 *(.srodata*)
 *(.rodata*)
 .rodata        0x90000000       0x10 obj/main.o
                0x90000000                msg
 *(.sdata*)
 *(.data*)
 *(.scommon*)
                0x90000010                        . = ALIGN (0x10)
                0x90000010                        _edata$ = .

.rela.dyn       0x90000010        0x0 load address 0x80000620
 .rela.text     0x90000010        0x0 obj/start.o

.bss            0x90000010        0x0 load address 0x80000620
                0x90000010                        _sbss$ = .
 *(.sbss*)
 *(.bss*)
 *(*COMMON)
                0x90000010                        . = ALIGN (0x10)
                0x90000010                        _ebss$ = .

.heap           0x90000010      0x400 load address 0x80000620
                0x90000010                        PROVIDE (__end$ = .)
                0x90000010                        PROVIDE (__heap_start$ = .)
                0x90000410                        . = (__heap_start$ + HEAP_SIZE)
 *fill*         0x90000010      0x400 
                0x90000410                        . = ALIGN (0x10)
                0x90000410                        PROVIDE (__heap_end$ = .)

.stack          0x90000410     0x2000 load address 0x80000620
                0x90000410                        PROVIDE (__stack_end$ = .)
                0x90002410                        . = (__stack_end$ + STACK_SIZE)
 *fill*         0x90000410     0x2000 
                0x90002410                        . = ALIGN (0x10)
                0x90002410                        PROVIDE (__stack_top$ = .)
OUTPUT(main.elf elf32-littleriscv)

.riscv.attributes
                0x00000000       0x35
 .riscv.attributes
                0x00000000       0x33 obj/start.o
 .riscv.attributes
                0x00000033       0x35 obj/hal.o
 .riscv.attributes
                0x00000068       0x35 obj/main.o
 .riscv.attributes
                0x0000009d       0x2f /home/akyriazis/tools/riscv/lib/gcc/riscv64-unknown-elf/15.1.0/../../../../riscv64-unknown-elf/lib/rv32i_zicsr_zifencei/ilp32/libc_nano.a(libc_a-memset.o)

.comment        0x00000000        0xf
 .comment       0x00000000        0xf obj/hal.o
                                 0x10 (size before relaxing)
 .comment       0x0000000f       0x10 obj/main.o

.note.GNU-stack
                0x00000000        0x0
 .note.GNU-stack
                0x00000000        0x0 obj/hal.o
 .note.GNU-stack
                0x00000000        0x0 obj/main.o
