Archive member included to satisfy reference by file (symbol)

/opt/riscv/bin/../lib/gcc/riscv32-unknown-elf/13.2.0/../../../../riscv32-unknown-elf/lib/libc_nano.a(libc_a-snprintf.o)
                              obj/main.o (snprintf)
/opt/riscv/bin/../lib/gcc/riscv32-unknown-elf/13.2.0/../../../../riscv32-unknown-elf/lib/libc_nano.a(libc_a-impure.o)
                              /opt/riscv/bin/../lib/gcc/riscv32-unknown-elf/13.2.0/../../../../riscv32-unknown-elf/lib/libc_nano.a(libc_a-snprintf.o) (_impure_ptr)
/opt/riscv/bin/../lib/gcc/riscv32-unknown-elf/13.2.0/../../../../riscv32-unknown-elf/lib/libc_nano.a(libc_a-nano-svfprintf.o)
                              /opt/riscv/bin/../lib/gcc/riscv32-unknown-elf/13.2.0/../../../../riscv32-unknown-elf/lib/libc_nano.a(libc_a-snprintf.o) (_svfprintf_r)
/opt/riscv/bin/../lib/gcc/riscv32-unknown-elf/13.2.0/../../../../riscv32-unknown-elf/lib/libc_nano.a(libc_a-nano-vfprintf_i.o)
                              /opt/riscv/bin/../lib/gcc/riscv32-unknown-elf/13.2.0/../../../../riscv32-unknown-elf/lib/libc_nano.a(libc_a-nano-svfprintf.o) (_printf_i)
/opt/riscv/bin/../lib/gcc/riscv32-unknown-elf/13.2.0/../../../../riscv32-unknown-elf/lib/libc_nano.a(libc_a-memchr.o)
                              /opt/riscv/bin/../lib/gcc/riscv32-unknown-elf/13.2.0/../../../../riscv32-unknown-elf/lib/libc_nano.a(libc_a-nano-svfprintf.o) (memchr)
/opt/riscv/bin/../lib/gcc/riscv32-unknown-elf/13.2.0/../../../../riscv32-unknown-elf/lib/libc_nano.a(libc_a-memmove.o)
                              /opt/riscv/bin/../lib/gcc/riscv32-unknown-elf/13.2.0/../../../../riscv32-unknown-elf/lib/libc_nano.a(libc_a-nano-svfprintf.o) (memmove)
/opt/riscv/bin/../lib/gcc/riscv32-unknown-elf/13.2.0/../../../../riscv32-unknown-elf/lib/libc_nano.a(libc_a-memcpy-asm.o)
                              /opt/riscv/bin/../lib/gcc/riscv32-unknown-elf/13.2.0/../../../../riscv32-unknown-elf/lib/libc_nano.a(libc_a-nano-svfprintf.o) (memcpy)
/opt/riscv/bin/../lib/gcc/riscv32-unknown-elf/13.2.0/../../../../riscv32-unknown-elf/lib/libc_nano.a(libc_a-freer.o)
                              /opt/riscv/bin/../lib/gcc/riscv32-unknown-elf/13.2.0/../../../../riscv32-unknown-elf/lib/libc_nano.a(libc_a-nano-svfprintf.o) (_free_r)
/opt/riscv/bin/../lib/gcc/riscv32-unknown-elf/13.2.0/../../../../riscv32-unknown-elf/lib/libc_nano.a(libc_a-mallocr.o)
                              /opt/riscv/bin/../lib/gcc/riscv32-unknown-elf/13.2.0/../../../../riscv32-unknown-elf/lib/libc_nano.a(libc_a-nano-svfprintf.o) (_malloc_r)
/opt/riscv/bin/../lib/gcc/riscv32-unknown-elf/13.2.0/../../../../riscv32-unknown-elf/lib/libc_nano.a(libc_a-mlock.o)
                              /opt/riscv/bin/../lib/gcc/riscv32-unknown-elf/13.2.0/../../../../riscv32-unknown-elf/lib/libc_nano.a(libc_a-freer.o) (__malloc_lock)
/opt/riscv/bin/../lib/gcc/riscv32-unknown-elf/13.2.0/../../../../riscv32-unknown-elf/lib/libc_nano.a(libc_a-reallocr.o)
                              /opt/riscv/bin/../lib/gcc/riscv32-unknown-elf/13.2.0/../../../../riscv32-unknown-elf/lib/libc_nano.a(libc_a-nano-svfprintf.o) (_realloc_r)
/opt/riscv/bin/../lib/gcc/riscv32-unknown-elf/13.2.0/../../../../riscv32-unknown-elf/lib/libc_nano.a(libc_a-sbrkr.o)
                              /opt/riscv/bin/../lib/gcc/riscv32-unknown-elf/13.2.0/../../../../riscv32-unknown-elf/lib/libc_nano.a(libc_a-mallocr.o) (_sbrk_r)
/opt/riscv/bin/../lib/gcc/riscv32-unknown-elf/13.2.0/../../../../riscv32-unknown-elf/lib/libc_nano.a(libc_a-msizer.o)
                              /opt/riscv/bin/../lib/gcc/riscv32-unknown-elf/13.2.0/../../../../riscv32-unknown-elf/lib/libc_nano.a(libc_a-reallocr.o) (_malloc_usable_size_r)
/opt/riscv/bin/../lib/gcc/riscv32-unknown-elf/13.2.0/../../../../riscv32-unknown-elf/lib/libc_nano.a(libc_a-reent.o)
                              /opt/riscv/bin/../lib/gcc/riscv32-unknown-elf/13.2.0/../../../../riscv32-unknown-elf/lib/libc_nano.a(libc_a-sbrkr.o) (errno)
/opt/riscv/bin/../lib/gcc/riscv32-unknown-elf/13.2.0/libgcc.a(div.o)
                              /opt/riscv/bin/../lib/gcc/riscv32-unknown-elf/13.2.0/../../../../riscv32-unknown-elf/lib/libc_nano.a(libc_a-nano-vfprintf_i.o) (__udivsi3)

There are no discarded input sections

Memory Configuration

Name             Origin             Length             Attributes
ROM              0x00000000         0x00004000         xr
RAM              0x20000000         0x00004000         rw
*default*        0x00000000         0xffffffff

Linker script and memory map

LOAD obj/start.o
LOAD obj/hal.o
LOAD obj/syscalls.o
LOAD obj/main.o
LOAD /opt/riscv/bin/../lib/gcc/riscv32-unknown-elf/13.2.0/libgcc.a
LOAD /opt/riscv/bin/../lib/gcc/riscv32-unknown-elf/13.2.0/../../../../riscv32-unknown-elf/lib/libc_nano.a
LOAD /opt/riscv/bin/../lib/gcc/riscv32-unknown-elf/13.2.0/libgcc.a
START GROUP
LOAD /opt/riscv/bin/../lib/gcc/riscv32-unknown-elf/13.2.0/libgcc.a
LOAD /opt/riscv/bin/../lib/gcc/riscv32-unknown-elf/13.2.0/../../../../riscv32-unknown-elf/lib/libc_nano.a
LOAD /opt/riscv/bin/../lib/gcc/riscv32-unknown-elf/13.2.0/../../../../riscv32-unknown-elf/lib/libnosys.a
END GROUP
START GROUP
LOAD /opt/riscv/bin/../lib/gcc/riscv32-unknown-elf/13.2.0/libgcc.a
LOAD /opt/riscv/bin/../lib/gcc/riscv32-unknown-elf/13.2.0/../../../../riscv32-unknown-elf/lib/libc_nano.a
LOAD /opt/riscv/bin/../lib/gcc/riscv32-unknown-elf/13.2.0/../../../../riscv32-unknown-elf/lib/libnosys.a
END GROUP
                0x00000000                        ROM_START_ADDRESS = 0x0
                0x00004000                        ROM_SIZE = 0x4000
                0x20000000                        RAM_START_ADDRESS = 0x20000000
                0x00004000                        RAM_SIZE = 0x4000
                0x00003800                        STACK_SIZE = 0x3800
                0x00000400                        HEAP_SIZE = 0x400

.text           0x00000000     0x16a0
 *(.text*)
 .text          0x00000000       0x98 obj/start.o
                0x00000000                _start
 .text          0x00000098       0xa4 obj/hal.o
                0x00000098                hal_write_32bit
                0x000000a0                hal_write_16bit
                0x000000a8                hal_write_8bit
                0x000000b0                hal_read_32bit
                0x000000b8                hal_read_16bit
                0x000000c8                hal_read_8bit
                0x000000d4                EXT_IRQ_0_HANDLER
                0x000000d8                EXT_IRQ_1_HANDLER
                0x000000dc                EXT_IRQ_2_HANDLER
                0x000000e0                EXT_IRQ_3_HANDLER
                0x000000e4                EXT_IRQ_4_HANDLER
                0x000000e8                EXT_IRQ_5_HANDLER
                0x000000ec                BASE_IRQ_HANDLER
 .text          0x0000013c       0xb4 obj/syscalls.o
                0x0000013c                hex_print
                0x0000014c                echo
                0x00000168                _open
                0x00000170                _close
                0x00000178                _fstat
                0x00000188                _isatty
                0x00000190                _lseek
                0x00000198                _exit
                0x0000019c                _kill
                0x000001a0                _getpid
                0x000001a8                _sbrk
                0x000001d4                _read
                0x000001dc                _write
 .text          0x000001f0        0x8 obj/main.o
                0x000001f0                loop
 .text.startup  0x000001f8       0x24 obj/main.o
                0x000001f8                main
 .text          0x0000021c        0x0 /opt/riscv/bin/../lib/gcc/riscv32-unknown-elf/13.2.0/../../../../riscv32-unknown-elf/lib/libc_nano.a(libc_a-snprintf.o)
 .text._snprintf_r
                0x0000021c       0xb4 /opt/riscv/bin/../lib/gcc/riscv32-unknown-elf/13.2.0/../../../../riscv32-unknown-elf/lib/libc_nano.a(libc_a-snprintf.o)
                0x0000021c                _sniprintf_r
                0x0000021c                _snprintf_r
 .text.snprintf
                0x000002d0       0xb4 /opt/riscv/bin/../lib/gcc/riscv32-unknown-elf/13.2.0/../../../../riscv32-unknown-elf/lib/libc_nano.a(libc_a-snprintf.o)
                0x000002d0                snprintf
                0x000002d0                sniprintf
 .text          0x00000384        0x0 /opt/riscv/bin/../lib/gcc/riscv32-unknown-elf/13.2.0/../../../../riscv32-unknown-elf/lib/libc_nano.a(libc_a-impure.o)
 .text          0x00000384        0x0 /opt/riscv/bin/../lib/gcc/riscv32-unknown-elf/13.2.0/../../../../riscv32-unknown-elf/lib/libc_nano.a(libc_a-nano-svfprintf.o)
 .text.__ssputs_r
                0x00000384      0x168 /opt/riscv/bin/../lib/gcc/riscv32-unknown-elf/13.2.0/../../../../riscv32-unknown-elf/lib/libc_nano.a(libc_a-nano-svfprintf.o)
                0x00000384                __ssputs_r
 .text.__ssprint_r
                0x000004ec      0x1bc /opt/riscv/bin/../lib/gcc/riscv32-unknown-elf/13.2.0/../../../../riscv32-unknown-elf/lib/libc_nano.a(libc_a-nano-svfprintf.o)
                0x000004ec                __ssprint_r
 .text._svfprintf_r
                0x000006a8      0x390 /opt/riscv/bin/../lib/gcc/riscv32-unknown-elf/13.2.0/../../../../riscv32-unknown-elf/lib/libc_nano.a(libc_a-nano-svfprintf.o)
                0x000006a8                _svfprintf_r
                0x000006a8                _svfiprintf_r
 .text          0x00000a38        0x0 /opt/riscv/bin/../lib/gcc/riscv32-unknown-elf/13.2.0/../../../../riscv32-unknown-elf/lib/libc_nano.a(libc_a-nano-vfprintf_i.o)
 .text._printf_common
                0x00000a38      0x1b0 /opt/riscv/bin/../lib/gcc/riscv32-unknown-elf/13.2.0/../../../../riscv32-unknown-elf/lib/libc_nano.a(libc_a-nano-vfprintf_i.o)
                0x00000a38                _printf_common
 .text._printf_i
                0x00000be8      0x3a4 /opt/riscv/bin/../lib/gcc/riscv32-unknown-elf/13.2.0/../../../../riscv32-unknown-elf/lib/libc_nano.a(libc_a-nano-vfprintf_i.o)
                0x00000be8                _printf_i
 .text          0x00000f8c        0x0 /opt/riscv/bin/../lib/gcc/riscv32-unknown-elf/13.2.0/../../../../riscv32-unknown-elf/lib/libc_nano.a(libc_a-memchr.o)
 .text.memchr   0x00000f8c       0x24 /opt/riscv/bin/../lib/gcc/riscv32-unknown-elf/13.2.0/../../../../riscv32-unknown-elf/lib/libc_nano.a(libc_a-memchr.o)
                0x00000f8c                memchr
 .text          0x00000fb0       0x3c /opt/riscv/bin/../lib/gcc/riscv32-unknown-elf/13.2.0/../../../../riscv32-unknown-elf/lib/libc_nano.a(libc_a-memmove.o)
                0x00000fb0                memmove
 .text          0x00000fec       0x24 /opt/riscv/bin/../lib/gcc/riscv32-unknown-elf/13.2.0/../../../../riscv32-unknown-elf/lib/libc_nano.a(libc_a-memcpy-asm.o)
                0x00000fec                memcpy
 .text          0x00001010        0x0 /opt/riscv/bin/../lib/gcc/riscv32-unknown-elf/13.2.0/../../../../riscv32-unknown-elf/lib/libc_nano.a(libc_a-freer.o)
 .text._free_r  0x00001010       0xf8 /opt/riscv/bin/../lib/gcc/riscv32-unknown-elf/13.2.0/../../../../riscv32-unknown-elf/lib/libc_nano.a(libc_a-freer.o)
                0x00001010                _free_r
 .text          0x00001108        0x0 /opt/riscv/bin/../lib/gcc/riscv32-unknown-elf/13.2.0/../../../../riscv32-unknown-elf/lib/libc_nano.a(libc_a-mallocr.o)
 .text.sbrk_aligned
                0x00001108       0x84 /opt/riscv/bin/../lib/gcc/riscv32-unknown-elf/13.2.0/../../../../riscv32-unknown-elf/lib/libc_nano.a(libc_a-mallocr.o)
 .text._malloc_r
                0x0000118c      0x1c0 /opt/riscv/bin/../lib/gcc/riscv32-unknown-elf/13.2.0/../../../../riscv32-unknown-elf/lib/libc_nano.a(libc_a-mallocr.o)
                0x0000118c                _malloc_r
 .text          0x0000134c        0x0 /opt/riscv/bin/../lib/gcc/riscv32-unknown-elf/13.2.0/../../../../riscv32-unknown-elf/lib/libc_nano.a(libc_a-mlock.o)
 .text.__malloc_lock
                0x0000134c        0x4 /opt/riscv/bin/../lib/gcc/riscv32-unknown-elf/13.2.0/../../../../riscv32-unknown-elf/lib/libc_nano.a(libc_a-mlock.o)
                0x0000134c                __malloc_lock
 .text.__malloc_unlock
                0x00001350        0x4 /opt/riscv/bin/../lib/gcc/riscv32-unknown-elf/13.2.0/../../../../riscv32-unknown-elf/lib/libc_nano.a(libc_a-mlock.o)
                0x00001350                __malloc_unlock
 .text          0x00001354        0x0 /opt/riscv/bin/../lib/gcc/riscv32-unknown-elf/13.2.0/../../../../riscv32-unknown-elf/lib/libc_nano.a(libc_a-reallocr.o)
 .text._realloc_r
                0x00001354       0xd8 /opt/riscv/bin/../lib/gcc/riscv32-unknown-elf/13.2.0/../../../../riscv32-unknown-elf/lib/libc_nano.a(libc_a-reallocr.o)
                0x00001354                _realloc_r
 .text          0x0000142c        0x0 /opt/riscv/bin/../lib/gcc/riscv32-unknown-elf/13.2.0/../../../../riscv32-unknown-elf/lib/libc_nano.a(libc_a-sbrkr.o)
 .text._sbrk_r  0x0000142c       0x48 /opt/riscv/bin/../lib/gcc/riscv32-unknown-elf/13.2.0/../../../../riscv32-unknown-elf/lib/libc_nano.a(libc_a-sbrkr.o)
                0x0000142c                _sbrk_r
 .text          0x00001474        0x0 /opt/riscv/bin/../lib/gcc/riscv32-unknown-elf/13.2.0/../../../../riscv32-unknown-elf/lib/libc_nano.a(libc_a-msizer.o)
 .text._malloc_usable_size_r
                0x00001474       0x1c /opt/riscv/bin/../lib/gcc/riscv32-unknown-elf/13.2.0/../../../../riscv32-unknown-elf/lib/libc_nano.a(libc_a-msizer.o)
                0x00001474                _malloc_usable_size_r
 .text          0x00001490        0x0 /opt/riscv/bin/../lib/gcc/riscv32-unknown-elf/13.2.0/../../../../riscv32-unknown-elf/lib/libc_nano.a(libc_a-reent.o)
 .text._reclaim_reent
                0x00001490      0x158 /opt/riscv/bin/../lib/gcc/riscv32-unknown-elf/13.2.0/../../../../riscv32-unknown-elf/lib/libc_nano.a(libc_a-reent.o)
                0x00001490                _reclaim_reent
 .text          0x000015e8       0xb4 /opt/riscv/bin/../lib/gcc/riscv32-unknown-elf/13.2.0/libgcc.a(div.o)
                0x000015e8                __divsi3
                0x000015f0                __hidden___udivsi3
                0x000015f0                __udivsi3
                0x00001638                __umodsi3
                0x0000166c                __modsi3
                0x000016a0                        . = ALIGN (0x10)
 *fill*         0x0000169c        0x4 

.rela.dyn       0x000016a0        0x0
 .rela.text     0x000016a0        0x0 obj/start.o
 .rela.sdata    0x000016a0        0x0 obj/start.o
 .rela.data._impure_data
                0x000016a0        0x0 obj/start.o
 .rela.text._svfprintf_r
                0x000016a0        0x0 obj/start.o

.data           0x20000000      0x110 load address 0x000016a0
                0x20000000                        _sdata$ = .
                0x000016a0                        PROVIDE (_sdata_load$ = LOADADDR (.data))
                0x20000800                        PROVIDE (__global_pointer$ = (. + 0x800))
 *(.srodata*)
 .srodata       0x20000000        0xc obj/main.o
                0x20000000                GPIO
                0x20000004                TIMER
                0x20000008                UART
 *(.rodata*)
 .rodata.str1.4
                0x2000000c       0x3d obj/main.o
                                  0x3 (size before relaxing)
 *fill*         0x20000049        0x3 
 .rodata        0x2000004c        0xd obj/main.o
                0x2000004c                msg
 .rodata._svfprintf_r.str1.4
                0x20000059       0x13 /opt/riscv/bin/../lib/gcc/riscv32-unknown-elf/13.2.0/../../../../riscv32-unknown-elf/lib/libc_nano.a(libc_a-nano-svfprintf.o)
 .rodata._printf_i.str1.4
                0x20000059       0x25 /opt/riscv/bin/../lib/gcc/riscv32-unknown-elf/13.2.0/../../../../riscv32-unknown-elf/lib/libc_nano.a(libc_a-nano-vfprintf_i.o)
 *fill*         0x20000059        0x3 
 .rodata._printf_i
                0x2000005c       0x58 /opt/riscv/bin/../lib/gcc/riscv32-unknown-elf/13.2.0/../../../../riscv32-unknown-elf/lib/libc_nano.a(libc_a-nano-vfprintf_i.o)
 *(.sdata*)
 .sdata         0x200000b4        0x4 obj/syscalls.o
 .sdata._impure_ptr
                0x200000b8        0x4 /opt/riscv/bin/../lib/gcc/riscv32-unknown-elf/13.2.0/../../../../riscv32-unknown-elf/lib/libc_nano.a(libc_a-impure.o)
                0x200000b8                _impure_ptr
 *(.data*)
 .data          0x200000bc        0x0 obj/start.o
 .data          0x200000bc        0x0 obj/hal.o
 .data          0x200000bc        0x0 obj/syscalls.o
 .data          0x200000bc        0x0 obj/main.o
 .data          0x200000bc        0x0 /opt/riscv/bin/../lib/gcc/riscv32-unknown-elf/13.2.0/../../../../riscv32-unknown-elf/lib/libc_nano.a(libc_a-snprintf.o)
 .data          0x200000bc        0x0 /opt/riscv/bin/../lib/gcc/riscv32-unknown-elf/13.2.0/../../../../riscv32-unknown-elf/lib/libc_nano.a(libc_a-impure.o)
 .data._impure_data
                0x200000bc       0x4c /opt/riscv/bin/../lib/gcc/riscv32-unknown-elf/13.2.0/../../../../riscv32-unknown-elf/lib/libc_nano.a(libc_a-impure.o)
                0x200000bc                _impure_data
 .data          0x20000108        0x0 /opt/riscv/bin/../lib/gcc/riscv32-unknown-elf/13.2.0/../../../../riscv32-unknown-elf/lib/libc_nano.a(libc_a-nano-svfprintf.o)
 .data          0x20000108        0x0 /opt/riscv/bin/../lib/gcc/riscv32-unknown-elf/13.2.0/../../../../riscv32-unknown-elf/lib/libc_nano.a(libc_a-nano-vfprintf_i.o)
 .data          0x20000108        0x0 /opt/riscv/bin/../lib/gcc/riscv32-unknown-elf/13.2.0/../../../../riscv32-unknown-elf/lib/libc_nano.a(libc_a-memchr.o)
 .data          0x20000108        0x0 /opt/riscv/bin/../lib/gcc/riscv32-unknown-elf/13.2.0/../../../../riscv32-unknown-elf/lib/libc_nano.a(libc_a-memmove.o)
 .data          0x20000108        0x0 /opt/riscv/bin/../lib/gcc/riscv32-unknown-elf/13.2.0/../../../../riscv32-unknown-elf/lib/libc_nano.a(libc_a-memcpy-asm.o)
 .data          0x20000108        0x0 /opt/riscv/bin/../lib/gcc/riscv32-unknown-elf/13.2.0/../../../../riscv32-unknown-elf/lib/libc_nano.a(libc_a-freer.o)
 .data          0x20000108        0x0 /opt/riscv/bin/../lib/gcc/riscv32-unknown-elf/13.2.0/../../../../riscv32-unknown-elf/lib/libc_nano.a(libc_a-mallocr.o)
 .data          0x20000108        0x0 /opt/riscv/bin/../lib/gcc/riscv32-unknown-elf/13.2.0/../../../../riscv32-unknown-elf/lib/libc_nano.a(libc_a-mlock.o)
 .data          0x20000108        0x0 /opt/riscv/bin/../lib/gcc/riscv32-unknown-elf/13.2.0/../../../../riscv32-unknown-elf/lib/libc_nano.a(libc_a-reallocr.o)
 .data          0x20000108        0x0 /opt/riscv/bin/../lib/gcc/riscv32-unknown-elf/13.2.0/../../../../riscv32-unknown-elf/lib/libc_nano.a(libc_a-sbrkr.o)
 .data          0x20000108        0x0 /opt/riscv/bin/../lib/gcc/riscv32-unknown-elf/13.2.0/../../../../riscv32-unknown-elf/lib/libc_nano.a(libc_a-msizer.o)
 .data          0x20000108        0x0 /opt/riscv/bin/../lib/gcc/riscv32-unknown-elf/13.2.0/../../../../riscv32-unknown-elf/lib/libc_nano.a(libc_a-reent.o)
 .data          0x20000108        0x0 /opt/riscv/bin/../lib/gcc/riscv32-unknown-elf/13.2.0/libgcc.a(div.o)
 *(.scommon*)
                0x20000110                        . = ALIGN (0x10)
 *fill*         0x20000108        0x8 
                0x20000110                        _edata$ = .

.bss            0x20000110       0x50 load address 0x000017b0
                0x20000110                        _sbss$ = .
 *(.sbss*)
 .sbss.__malloc_sbrk_start
                0x20000110        0x4 /opt/riscv/bin/../lib/gcc/riscv32-unknown-elf/13.2.0/../../../../riscv32-unknown-elf/lib/libc_nano.a(libc_a-mallocr.o)
                0x20000110                __malloc_sbrk_start
 .sbss.__malloc_free_list
                0x20000114        0x4 /opt/riscv/bin/../lib/gcc/riscv32-unknown-elf/13.2.0/../../../../riscv32-unknown-elf/lib/libc_nano.a(libc_a-mallocr.o)
                0x20000114                __malloc_free_list
 .sbss.errno    0x20000118        0x4 /opt/riscv/bin/../lib/gcc/riscv32-unknown-elf/13.2.0/../../../../riscv32-unknown-elf/lib/libc_nano.a(libc_a-reent.o)
                0x20000118                errno
 *(.bss*)
 .bss           0x2000011c        0x0 obj/start.o
 .bss           0x2000011c        0x0 obj/hal.o
 .bss           0x2000011c        0x0 obj/syscalls.o
 .bss           0x2000011c       0x40 obj/main.o
                0x2000011c                buf
 .bss           0x2000015c        0x0 /opt/riscv/bin/../lib/gcc/riscv32-unknown-elf/13.2.0/../../../../riscv32-unknown-elf/lib/libc_nano.a(libc_a-snprintf.o)
 .bss           0x2000015c        0x0 /opt/riscv/bin/../lib/gcc/riscv32-unknown-elf/13.2.0/../../../../riscv32-unknown-elf/lib/libc_nano.a(libc_a-impure.o)
 .bss           0x2000015c        0x0 /opt/riscv/bin/../lib/gcc/riscv32-unknown-elf/13.2.0/../../../../riscv32-unknown-elf/lib/libc_nano.a(libc_a-nano-svfprintf.o)
 .bss           0x2000015c        0x0 /opt/riscv/bin/../lib/gcc/riscv32-unknown-elf/13.2.0/../../../../riscv32-unknown-elf/lib/libc_nano.a(libc_a-nano-vfprintf_i.o)
 .bss           0x2000015c        0x0 /opt/riscv/bin/../lib/gcc/riscv32-unknown-elf/13.2.0/../../../../riscv32-unknown-elf/lib/libc_nano.a(libc_a-memchr.o)
 .bss           0x2000015c        0x0 /opt/riscv/bin/../lib/gcc/riscv32-unknown-elf/13.2.0/../../../../riscv32-unknown-elf/lib/libc_nano.a(libc_a-memmove.o)
 .bss           0x2000015c        0x0 /opt/riscv/bin/../lib/gcc/riscv32-unknown-elf/13.2.0/../../../../riscv32-unknown-elf/lib/libc_nano.a(libc_a-memcpy-asm.o)
 .bss           0x2000015c        0x0 /opt/riscv/bin/../lib/gcc/riscv32-unknown-elf/13.2.0/../../../../riscv32-unknown-elf/lib/libc_nano.a(libc_a-freer.o)
 .bss           0x2000015c        0x0 /opt/riscv/bin/../lib/gcc/riscv32-unknown-elf/13.2.0/../../../../riscv32-unknown-elf/lib/libc_nano.a(libc_a-mallocr.o)
 .bss           0x2000015c        0x0 /opt/riscv/bin/../lib/gcc/riscv32-unknown-elf/13.2.0/../../../../riscv32-unknown-elf/lib/libc_nano.a(libc_a-mlock.o)
 .bss           0x2000015c        0x0 /opt/riscv/bin/../lib/gcc/riscv32-unknown-elf/13.2.0/../../../../riscv32-unknown-elf/lib/libc_nano.a(libc_a-reallocr.o)
 .bss           0x2000015c        0x0 /opt/riscv/bin/../lib/gcc/riscv32-unknown-elf/13.2.0/../../../../riscv32-unknown-elf/lib/libc_nano.a(libc_a-sbrkr.o)
 .bss           0x2000015c        0x0 /opt/riscv/bin/../lib/gcc/riscv32-unknown-elf/13.2.0/../../../../riscv32-unknown-elf/lib/libc_nano.a(libc_a-msizer.o)
 .bss           0x2000015c        0x0 /opt/riscv/bin/../lib/gcc/riscv32-unknown-elf/13.2.0/../../../../riscv32-unknown-elf/lib/libc_nano.a(libc_a-reent.o)
 .bss           0x2000015c        0x0 /opt/riscv/bin/../lib/gcc/riscv32-unknown-elf/13.2.0/libgcc.a(div.o)
 *(*COMMON)
                0x20000160                        . = ALIGN (0x10)
 *fill*         0x2000015c        0x4 
                0x20000160                        _ebss$ = .

.heap           0x20000160      0x400 load address 0x000017b0
                0x20000160                        PROVIDE (__end$ = .)
                0x20000160                        PROVIDE (__heap_start$ = .)
                0x20000560                        . = (__heap_start$ + HEAP_SIZE)
 *fill*         0x20000160      0x400 
                0x20000560                        . = ALIGN (0x10)
                0x20000560                        PROVIDE (__heap_end$ = .)

.stack          0x20000560     0x3800 load address 0x000017b0
                0x20000560                        PROVIDE (__stack_end$ = .)
                0x20003d60                        . = (__stack_end$ + STACK_SIZE)
 *fill*         0x20000560     0x3800 
                0x20003d60                        . = ALIGN (0x10)
                0x20003d60                        PROVIDE (__stack_top$ = .)
OUTPUT(main.elf elf32-littleriscv)

.riscv.attributes
                0x00000000       0x29
 .riscv.attributes
                0x00000000       0x27 obj/start.o
 .riscv.attributes
                0x00000027       0x29 obj/hal.o
 .riscv.attributes
                0x00000050       0x25 obj/syscalls.o
 .riscv.attributes
                0x00000075       0x25 obj/main.o
 .riscv.attributes
                0x0000009a       0x1c /opt/riscv/bin/../lib/gcc/riscv32-unknown-elf/13.2.0/../../../../riscv32-unknown-elf/lib/libc_nano.a(libc_a-snprintf.o)
 .riscv.attributes
                0x000000b6       0x1c /opt/riscv/bin/../lib/gcc/riscv32-unknown-elf/13.2.0/../../../../riscv32-unknown-elf/lib/libc_nano.a(libc_a-impure.o)
 .riscv.attributes
                0x000000d2       0x1c /opt/riscv/bin/../lib/gcc/riscv32-unknown-elf/13.2.0/../../../../riscv32-unknown-elf/lib/libc_nano.a(libc_a-nano-svfprintf.o)
 .riscv.attributes
                0x000000ee       0x1c /opt/riscv/bin/../lib/gcc/riscv32-unknown-elf/13.2.0/../../../../riscv32-unknown-elf/lib/libc_nano.a(libc_a-nano-vfprintf_i.o)
 .riscv.attributes
                0x0000010a       0x1c /opt/riscv/bin/../lib/gcc/riscv32-unknown-elf/13.2.0/../../../../riscv32-unknown-elf/lib/libc_nano.a(libc_a-memchr.o)
 .riscv.attributes
                0x00000126       0x1a /opt/riscv/bin/../lib/gcc/riscv32-unknown-elf/13.2.0/../../../../riscv32-unknown-elf/lib/libc_nano.a(libc_a-memmove.o)
 .riscv.attributes
                0x00000140       0x1a /opt/riscv/bin/../lib/gcc/riscv32-unknown-elf/13.2.0/../../../../riscv32-unknown-elf/lib/libc_nano.a(libc_a-memcpy-asm.o)
 .riscv.attributes
                0x0000015a       0x1c /opt/riscv/bin/../lib/gcc/riscv32-unknown-elf/13.2.0/../../../../riscv32-unknown-elf/lib/libc_nano.a(libc_a-freer.o)
 .riscv.attributes
                0x00000176       0x1c /opt/riscv/bin/../lib/gcc/riscv32-unknown-elf/13.2.0/../../../../riscv32-unknown-elf/lib/libc_nano.a(libc_a-mallocr.o)
 .riscv.attributes
                0x00000192       0x1c /opt/riscv/bin/../lib/gcc/riscv32-unknown-elf/13.2.0/../../../../riscv32-unknown-elf/lib/libc_nano.a(libc_a-mlock.o)
 .riscv.attributes
                0x000001ae       0x1c /opt/riscv/bin/../lib/gcc/riscv32-unknown-elf/13.2.0/../../../../riscv32-unknown-elf/lib/libc_nano.a(libc_a-reallocr.o)
 .riscv.attributes
                0x000001ca       0x1c /opt/riscv/bin/../lib/gcc/riscv32-unknown-elf/13.2.0/../../../../riscv32-unknown-elf/lib/libc_nano.a(libc_a-sbrkr.o)
 .riscv.attributes
                0x000001e6       0x1c /opt/riscv/bin/../lib/gcc/riscv32-unknown-elf/13.2.0/../../../../riscv32-unknown-elf/lib/libc_nano.a(libc_a-msizer.o)
 .riscv.attributes
                0x00000202       0x1c /opt/riscv/bin/../lib/gcc/riscv32-unknown-elf/13.2.0/../../../../riscv32-unknown-elf/lib/libc_nano.a(libc_a-reent.o)
 .riscv.attributes
                0x0000021e       0x1a /opt/riscv/bin/../lib/gcc/riscv32-unknown-elf/13.2.0/libgcc.a(div.o)

.comment        0x00000000       0x21
 .comment       0x00000000       0x21 obj/hal.o
                                 0x10 (size before relaxing)
 .comment       0x00000021       0x10 obj/syscalls.o
 .comment       0x00000021       0x10 obj/main.o
 .comment       0x00000021       0x13 /opt/riscv/bin/../lib/gcc/riscv32-unknown-elf/13.2.0/../../../../riscv32-unknown-elf/lib/libc_nano.a(libc_a-snprintf.o)
 .comment       0x00000021       0x13 /opt/riscv/bin/../lib/gcc/riscv32-unknown-elf/13.2.0/../../../../riscv32-unknown-elf/lib/libc_nano.a(libc_a-impure.o)
 .comment       0x00000021       0x13 /opt/riscv/bin/../lib/gcc/riscv32-unknown-elf/13.2.0/../../../../riscv32-unknown-elf/lib/libc_nano.a(libc_a-nano-svfprintf.o)
 .comment       0x00000021       0x13 /opt/riscv/bin/../lib/gcc/riscv32-unknown-elf/13.2.0/../../../../riscv32-unknown-elf/lib/libc_nano.a(libc_a-nano-vfprintf_i.o)
 .comment       0x00000021       0x13 /opt/riscv/bin/../lib/gcc/riscv32-unknown-elf/13.2.0/../../../../riscv32-unknown-elf/lib/libc_nano.a(libc_a-memchr.o)
 .comment       0x00000021       0x13 /opt/riscv/bin/../lib/gcc/riscv32-unknown-elf/13.2.0/../../../../riscv32-unknown-elf/lib/libc_nano.a(libc_a-freer.o)
 .comment       0x00000021       0x13 /opt/riscv/bin/../lib/gcc/riscv32-unknown-elf/13.2.0/../../../../riscv32-unknown-elf/lib/libc_nano.a(libc_a-mallocr.o)
 .comment       0x00000021       0x13 /opt/riscv/bin/../lib/gcc/riscv32-unknown-elf/13.2.0/../../../../riscv32-unknown-elf/lib/libc_nano.a(libc_a-mlock.o)
 .comment       0x00000021       0x13 /opt/riscv/bin/../lib/gcc/riscv32-unknown-elf/13.2.0/../../../../riscv32-unknown-elf/lib/libc_nano.a(libc_a-reallocr.o)
 .comment       0x00000021       0x13 /opt/riscv/bin/../lib/gcc/riscv32-unknown-elf/13.2.0/../../../../riscv32-unknown-elf/lib/libc_nano.a(libc_a-sbrkr.o)
 .comment       0x00000021       0x13 /opt/riscv/bin/../lib/gcc/riscv32-unknown-elf/13.2.0/../../../../riscv32-unknown-elf/lib/libc_nano.a(libc_a-msizer.o)
 .comment       0x00000021       0x13 /opt/riscv/bin/../lib/gcc/riscv32-unknown-elf/13.2.0/../../../../riscv32-unknown-elf/lib/libc_nano.a(libc_a-reent.o)

.debug_line     0x00000000      0x878
 .debug_line    0x00000000       0xeb obj/start.o
 .debug_line    0x000000eb      0x247 obj/hal.o
 .debug_line    0x00000332      0x31f obj/syscalls.o
 .debug_line    0x00000651       0xd4 obj/main.o
 .debug_line    0x00000725      0x153 /opt/riscv/bin/../lib/gcc/riscv32-unknown-elf/13.2.0/libgcc.a(div.o)

.debug_line_str
                0x00000000      0x1f2
 .debug_line_str
                0x00000000      0x1f2 obj/start.o
                                 0x2f (size before relaxing)
 .debug_line_str
                0x000001f2       0xd5 obj/hal.o
 .debug_line_str
                0x000001f2      0x16a obj/syscalls.o
 .debug_line_str
                0x000001f2      0x155 obj/main.o
 .debug_line_str
                0x000001f2       0x8a /opt/riscv/bin/../lib/gcc/riscv32-unknown-elf/13.2.0/libgcc.a(div.o)

.debug_info     0x00000000      0xc17
 .debug_info    0x00000000       0x25 obj/start.o
 .debug_info    0x00000025      0x292 obj/hal.o
 .debug_info    0x000002b7      0x612 obj/syscalls.o
 .debug_info    0x000008c9      0x2ef obj/main.o
 .debug_info    0x00000bb8       0x5f /opt/riscv/bin/../lib/gcc/riscv32-unknown-elf/13.2.0/libgcc.a(div.o)

.debug_abbrev   0x00000000      0x519
 .debug_abbrev  0x00000000       0x14 obj/start.o
 .debug_abbrev  0x00000014      0x12c obj/hal.o
 .debug_abbrev  0x00000140      0x22e obj/syscalls.o
 .debug_abbrev  0x0000036e      0x183 obj/main.o
 .debug_abbrev  0x000004f1       0x28 /opt/riscv/bin/../lib/gcc/riscv32-unknown-elf/13.2.0/libgcc.a(div.o)

.debug_aranges  0x00000000       0xa8
 .debug_aranges
                0x00000000       0x20 obj/start.o
 .debug_aranges
                0x00000020       0x20 obj/hal.o
 .debug_aranges
                0x00000040       0x20 obj/syscalls.o
 .debug_aranges
                0x00000060       0x28 obj/main.o
 .debug_aranges
                0x00000088       0x20 /opt/riscv/bin/../lib/gcc/riscv32-unknown-elf/13.2.0/libgcc.a(div.o)

.debug_str      0x00000000      0x4bb
 .debug_str     0x00000000      0x4bb obj/start.o
                                 0x3b (size before relaxing)
 .debug_str     0x000004bb      0x1fe obj/hal.o
 .debug_str     0x000004bb      0x31e obj/syscalls.o
 .debug_str     0x000004bb      0x18e obj/main.o
 .debug_str     0x000004bb       0xcf /opt/riscv/bin/../lib/gcc/riscv32-unknown-elf/13.2.0/libgcc.a(div.o)

.debug_loclists
                0x00000000      0x1e2
 .debug_loclists
                0x00000000       0x74 obj/hal.o
 .debug_loclists
                0x00000074      0x149 obj/syscalls.o
 .debug_loclists
                0x000001bd       0x25 obj/main.o

.debug_frame    0x00000000      0x1f8
 .debug_frame   0x00000000       0xe0 obj/hal.o
 .debug_frame   0x000000e0       0xe0 obj/syscalls.o
 .debug_frame   0x000001c0       0x38 obj/main.o

.debug_rnglists
                0x00000000       0x19
 .debug_rnglists
                0x00000000       0x19 obj/main.o
